
=== Sun Nov 17 15:30:26 2024

Packages were changed.
Update Mode: mergeDefaultDependencies

The following packages were added:
  com.unity.modules.ai@1.0.0
  com.unity.modules.androidjni@1.0.0
  com.unity.modules.animation@1.0.0
  com.unity.modules.assetbundle@1.0.0
  com.unity.modules.audio@1.0.0
  com.unity.modules.cloth@1.0.0
  com.unity.modules.director@1.0.0
  com.unity.modules.imageconversion@1.0.0
  com.unity.modules.imgui@1.0.0
  com.unity.modules.jsonserialize@1.0.0
  com.unity.modules.particlesystem@1.0.0
  com.unity.modules.physics@1.0.0
  com.unity.modules.physics2d@1.0.0
  com.unity.modules.screencapture@1.0.0
  com.unity.modules.terrain@1.0.0
  com.unity.modules.terrainphysics@1.0.0
  com.unity.modules.tilemap@1.0.0
  com.unity.modules.ui@1.0.0
  com.unity.modules.uielements@1.0.0
  com.unity.modules.umbra@1.0.0
  com.unity.modules.unityanalytics@1.0.0
  com.unity.modules.unitywebrequest@1.0.0
  com.unity.modules.unitywebrequestassetbundle@1.0.0
  com.unity.modules.unitywebrequestaudio@1.0.0
  com.unity.modules.unitywebrequesttexture@1.0.0
  com.unity.modules.unitywebrequestwww@1.0.0
  com.unity.modules.vehicles@1.0.0
  com.unity.modules.video@1.0.0
  com.unity.modules.vr@1.0.0
  com.unity.modules.wind@1.0.0
  com.unity.modules.xr@1.0.0
  com.unity.modules.accessibility@1.0.0
  com.unity.multiplayer.center@1.0.0
The following packages were updated:
  com.unity.ai.navigation from version 2.0.0 to 2.0.4
  com.unity.collab-proxy from version 2.2.0 to 2.5.2
  com.unity.ide.rider from version 3.0.27 to 3.0.31
  com.unity.inputsystem from version 1.8.1 to 1.11.1
  com.unity.render-pipelines.universal from version 17.0.1 to 17.0.3
  com.unity.test-framework from version 1.4.2 to 1.4.5
  com.unity.timeline from version 1.8.6 to 1.8.7
  com.unity.visualscripting from version 1.9.1 to 1.9.4

=== Tue Nov 19 13:34:09 2024

Packages were changed.
Update Mode: updateDependencies

The following packages were 已更新:
  com.unity.ads 从版本 2.0.8 到 4.4.2
  com.unity.analytics 从版本 3.3.2 到 3.8.1
  com.unity.collab-proxy 从版本 1.2.16 到 2.5.2
  com.unity.postprocessing 从版本 2.1.7 到 3.4.0
  com.unity.purchasing 从版本 2.0.6 到 4.12.2
  com.unity.timeline 从版本 1.0.0 到 1.8.7
The following packages were 已移除:
  com.unity.package-manager-ui@2.1.2
  com.unity.textmeshpro@2.0.1

=== Tue Nov 19 13:34:09 2024

Packages were changed.
Update Mode: mergeDefaultDependencies

The following packages were 已添加:
  com.unity.ads@4.4.2
  com.unity.analytics@3.8.1
  com.unity.postprocessing@3.4.0
  com.unity.purchasing@4.12.2

=== Tue Nov 19 14:29:42 2024

Packages were changed.
Update Mode: updateDependencies

The following packages were 已更新:
  com.unity.ads 从版本 2.0.8 到 4.4.2
  com.unity.analytics 从版本 3.3.2 到 3.8.1
  com.unity.collab-proxy 从版本 1.2.16 到 2.5.2
  com.unity.postprocessing 从版本 2.1.7 到 3.4.0
  com.unity.purchasing 从版本 2.0.6 到 4.12.2
  com.unity.timeline 从版本 1.0.0 到 1.8.7
The following packages were 已移除:
  com.unity.package-manager-ui@2.1.2
  com.unity.textmeshpro@2.0.1

=== Sat Nov 23 19:22:55 2024

Packages were changed.
Update Mode: updateDependencies

The following packages were 已更新:
  com.unity.ads 从版本 2.0.8 到 4.4.2
  com.unity.analytics 从版本 3.3.2 到 3.8.1
  com.unity.collab-proxy 从版本 1.2.16 到 2.5.2
  com.unity.postprocessing 从版本 2.1.7 到 3.4.0
  com.unity.purchasing 从版本 2.0.6 到 4.12.2
  com.unity.timeline 从版本 1.0.0 到 1.8.7
The following packages were 已移除:
  com.unity.package-manager-ui@2.1.2
  com.unity.textmeshpro@2.0.1
